{
  "Resources": {
    "MyUserDC45028B": {
      "Type": "AWS::IAM::User"
    },
    "MyUserDefaultPolicy7B897426": {
      "Type": "AWS::IAM::Policy",
      "Properties": {
        "PolicyDocument": {
          "Statement": [
            {
              "Action": [
                "ecr:BatchCheckLayerAvailability",
                "ecr:GetDownloadUrlForLayer",
                "ecr:BatchGetImage"
              ],
              "Effect": "Allow",
              "Resource": {
                "Fn::Join": [
                  "",
                  [
                    "arn:",
                    {
                      "Ref": "AWS::Partition"
                    },
                    ":ecr:",
                    {
                      "Ref": "AWS::Region"
                    },
                    ":",
                    {
                      "Ref": "AWS::AccountId"
                    },
                    ":repository/aws-cdk/assets"
                  ]
                ]
              }
            },
            {
              "Action": "ecr:GetAuthorizationToken",
              "Effect": "Allow",
              "Resource": "*"
            }
          ],
          "Version": "2012-10-17"
        },
        "PolicyName": "MyUserDefaultPolicy7B897426",
        "Users": [
          {
            "Ref": "MyUserDC45028B"
          }
        ]
      }
    }
  },
  "Outputs": {
    "ImageUri": {
      "Value": {
        "Fn::Join": [
          "",
          [
            {
              "Ref": "AWS::AccountId"
            },
            ".dkr.ecr.",
            {
              "Ref": "AWS::Region"
            },
            ".",
            {
              "Ref": "AWS::URLSuffix"
            },
            "/aws-cdk/assets:0c7eaa76a180464444a0b21036987c8415680b2bef014e3450abd59747c7772e"
          ]
        ]
      }
    }
  }
}
