{
  "Resources": {
    "MyLambdaServiceRole4539ECB6": {
      "Type": "AWS::IAM::Role",
      "Properties": {
        "AssumeRolePolicyDocument": {
          "Statement": [
            {
              "Action": "sts:AssumeRole",
              "Effect": "Allow",
              "Principal": {
                "Service": "lambda.amazonaws.com"
              }
            }
          ],
          "Version": "2012-10-17"
        },
        "ManagedPolicyArns": [
          {
            "Fn::Join": [
              "",
              [
                "arn:",
                {
                  "Ref": "AWS::Partition"
                },
                ":iam::aws:policy/service-role/AWSLambdaBasicExecutionRole"
              ]
            ]
          }
        ]
      }
    },
    "MyLambdaCCE802FB": {
      "Type": "AWS::Lambda::Function",
      "Properties": {
        "Code": {
          "ImageUri": {
            "Fn::Join": [
              "",
              [
                {
                  "Ref": "AWS::AccountId"
                },
                ".dkr.ecr.",
                {
                  "Ref": "AWS::Region"
                },
                ".",
                {
                  "Ref": "AWS::URLSuffix"
                },
                "/aws-cdk/assets:8dd9146b0ec1dc29362d06a6fadd39145b5efe0e51dad485cc6c6a3e5dac3729"
              ]
            ]
          }
        },
        "Role": {
          "Fn::GetAtt": [
            "MyLambdaServiceRole4539ECB6",
            "Arn"
          ]
        },
        "PackageType": "Image"
      },
      "DependsOn": [
        "MyLambdaServiceRole4539ECB6"
      ]
    }
  }
}